<!-- wp:wp-bootstrap-blocks/container {"marginAfter":"mb-8"} /-->