<!-- wp:wp-bootstrap-blocks/container {"isFluid":true,"fluidBreakpoint":"xxl"} /-->