// Jest Snapshot v1, https://goo.gl/fbAQLP

exports[`row block filters Should have additional defined templates 1`] = `
"<!-- wp:wp-bootstrap-blocks/row {\\"template\\":\\"1-66percent\\"} -->
<!-- wp:wp-bootstrap-blocks/column {\\"sizeMd\\":8} /-->
<!-- /wp:wp-bootstrap-blocks/row -->"
`;
