<!-- wp:wp-bootstrap-blocks/button {"alignment":"center"} /-->