<!-- wp:wp-bootstrap-blocks/button {"style":"brand-deprecated-color"} /-->