<!-- wp:wp-bootstrap-blocks/button {"linkTarget":"_blank","rel":"noreferrer noopener"} /-->