<!-- wp:wp-bootstrap-blocks/button {"rel":"custom rel value"} /-->