<!-- wp:wp-bootstrap-blocks/button {"style":"secondary"} /-->