<!-- wp:wp-bootstrap-blocks/button {"style":"missing-colors"} /-->