<!-- wp:wp-bootstrap-blocks/row {"alignment":"right"} -->
<!-- wp:wp-bootstrap-blocks/column {"sizeMd":6} /-->

<!-- wp:wp-bootstrap-blocks/column {"sizeMd":6} /-->
<!-- /wp:wp-bootstrap-blocks/row -->