<!-- wp:wp-bootstrap-blocks/row {"template":"2-1"} -->
<!-- wp:wp-bootstrap-blocks/column {"sizeMd":8} /-->

<!-- wp:wp-bootstrap-blocks/column {"sizeMd":4} /-->
<!-- /wp:wp-bootstrap-blocks/row -->