<!-- wp:wp-bootstrap-blocks/row {"noGutters":false,"cssGridGutters":"10rem"} -->
<!-- wp:wp-bootstrap-blocks/column {"sizeMd":4} /-->

<!-- wp:wp-bootstrap-blocks/column {"sizeMd":8} /-->
<!-- /wp:wp-bootstrap-blocks/row -->