<!-- wp:wp-bootstrap-blocks/row {"noGutters":false,"horizontalGutters":"gx-10"} -->
<!-- wp:wp-bootstrap-blocks/column {"sizeMd":4} /-->

<!-- wp:wp-bootstrap-blocks/column {"sizeMd":8} /-->
<!-- /wp:wp-bootstrap-blocks/row -->