<!-- wp:wp-bootstrap-blocks/row -->
<!-- wp:wp-bootstrap-blocks/column {"sizeXxl":2,"sizeMd":6,"equalWidthXxl":true} /-->

<!-- wp:wp-bootstrap-blocks/column {"sizeMd":6} /-->
<!-- /wp:wp-bootstrap-blocks/row -->