<!-- wp:wp-bootstrap-blocks/row -->
<!-- wp:wp-bootstrap-blocks/column {"sizeMd":6,"contentVerticalAlignment":"bottom"} /-->

<!-- wp:wp-bootstrap-blocks/column {"sizeMd":6} /-->
<!-- /wp:wp-bootstrap-blocks/row -->