<!-- wp:wp-bootstrap-blocks/row -->
<!-- wp:wp-bootstrap-blocks/column {"sizeMd":6,"padding":"p-8"} /-->

<!-- wp:wp-bootstrap-blocks/column {"sizeMd":6} /-->
<!-- /wp:wp-bootstrap-blocks/row -->